- Pascal-FC for IBM PC compatibles - 
- GNU Compiler Version P5.2

G L Davies  &  A Burns, University of York

Compiler listing

    1     0 program prog1;
    2     0 
    3     0 process type Tp(i:integer);
    4     0 begin
    5     0  writeLn(i);
    6     3 end;
    7     4 var
    8     4  P1,P2:Tp;
    9     4 begin
   10     4  cobegin
   11     5   P1(1);
   12    10   P2(2);
   13    15  coend;
   14    16 end.



Symbol table

    name       link      objekt       type         ref      nrm  lev  adr  aux

 45 _main        44     procedure   notyp           2      True    0    4    0
 46 any           0     variable    synch           0      True    1    5    0
 47 tp           46     type id     process         3      True    1    0    0
 48 i             0     variable    integer         0      True    2    5    0
 49 p1           47     variable    process         3      True    1    5    0
 50 p2           49     variable    process         3      True    1    6    0

Generated P-code

    0     ldval.i      2         5          ;5
    1     wrval.i      0         0          ;5
    2     wrlin        0         0          ;5
    3     rproc        1         0          ;5
    4     cobeg        0         0          ;8
    5     mkstk        1        47          ;10
    6     ldadr        1         5          ;10
    7     procv        0         0          ;10
    8     ldcon.i      0         1          ;11
    9     calls        1         5          ;11
   10     mkstk        1        47          ;11
   11     ldadr        1         6          ;11
   12     procv        0         0          ;11
   13     ldcon.i      0         2          ;12
   14     calls        1         5          ;12
   15     coend        0         0          ;12
   16     stopx        0         0          ;13
